// Jest Snapshot v1, https://goo.gl/fbAQLP

exports[`should test Navbar component 1`] = `ShallowWrapper {}`;
